// Jest Snapshot v1, https://goo.gl/fbAQLP

exports[`Header snapshot renders the header with search 1`] = `
<div>
  <header
    class="css-1npeptk"
  >
    <div
      class="css-1ui6qe5"
      data-testid="home-link"
      tabindex="0"
    >
      <span
        style="box-sizing: border-box; display: block; overflow: hidden; background: none; opacity: 1; border: 0px; margin: 0px; padding: 0px; position: absolute; top: 0px; left: 0px; bottom: 0px; right: 0px;"
      >
        <img
          alt="Santex Logo"
          data-nimg="fill"
          decoding="async"
          sizes="100vw"
          src="/_next/image?url=%2Fsantex-logo.png&w=3840&q=75"
          srcset="/_next/image?url=%2Fsantex-logo.png&w=640&q=75 640w, /_next/image?url=%2Fsantex-logo.png&w=750&q=75 750w, /_next/image?url=%2Fsantex-logo.png&w=828&q=75 828w, /_next/image?url=%2Fsantex-logo.png&w=1080&q=75 1080w, /_next/image?url=%2Fsantex-logo.png&w=1200&q=75 1200w, /_next/image?url=%2Fsantex-logo.png&w=1920&q=75 1920w, /_next/image?url=%2Fsantex-logo.png&w=2048&q=75 2048w, /_next/image?url=%2Fsantex-logo.png&w=3840&q=75 3840w"
          style="position: absolute; top: 0px; left: 0px; bottom: 0px; right: 0px; box-sizing: border-box; padding: 0px; margin: auto; display: block; width: 0px; height: 0px; min-width: 100%; max-width: 100%; min-height: 100%; max-height: 100%;"
        />
      </span>
    </div>
    <div
      class="css-1g2qfl"
    >
      <input
        class="css-164cp4c"
        data-testid="search-input"
        maxlength="30"
        placeholder="Search a product!"
        value=""
      />
    </div>
    <div
      class="css-1jdhora"
    >
      <div
        class="css-piilf0"
        data-testid="cart-icon"
        tabindex="0"
      >
        <svg
          aria-hidden="true"
          class="StyledIconBase-ea9ulj-0 iLHuDN"
          fill="currentColor"
          focusable="false"
          height="30"
          viewBox="0 0 16 16"
          width="30"
          xmlns="http://www.w3.org/2000/svg"
        >
          <path
            d="M0 1.5A.5.5 0 0 1 .5 1H2a.5.5 0 0 1 .485.379L2.89 3H14.5a.5.5 0 0 1 .491.592l-1.5 8A.5.5 0 0 1 13 12H4a.5.5 0 0 1-.491-.408L2.01 3.607 1.61 2H.5a.5.5 0 0 1-.5-.5zM5 12a2 2 0 1 0 0 4 2 2 0 0 0 0-4zm7 0a2 2 0 1 0 0 4 2 2 0 0 0 0-4zm-7 1a1 1 0 1 1 0 2 1 1 0 0 1 0-2zm7 0a1 1 0 1 1 0 2 1 1 0 0 1 0-2z"
          />
        </svg>
        <div
          class="css-1d0bl5n"
        >
          3
        </div>
      </div>
    </div>
  </header>
</div>
`;
